[0, 3] => Rental Record for Steve
	Star Wars	3.5
Amount owed is 3.5
You earned 1 frequent renter points 
